Archive member included to satisfy reference by file (symbol)

e:/mi/microchipstudio/7.0/toolchain/avr8/avr8-gnu-toolchain/bin/../lib/gcc/avr/5.4.0/avr51\libgcc.a(_mulsi3.o)
                              class/ticker.o (__mulsi3)
e:/mi/microchipstudio/7.0/toolchain/avr8/avr8-gnu-toolchain/bin/../lib/gcc/avr/5.4.0/avr51\libgcc.a(_exit.o)
                              E:/mi/MicrochipStudio/7.0/Packs/atmel/ATmega_DFP/1.6.364/gcc/dev/atmega128a/avr51/crtatmega128a.o (exit)
e:/mi/microchipstudio/7.0/toolchain/avr8/avr8-gnu-toolchain/bin/../lib/gcc/avr/5.4.0/avr51\libgcc.a(_tablejump2.o)
                              SPI/mtr_SPI.o (__tablejump2__)
e:/mi/microchipstudio/7.0/toolchain/avr8/avr8-gnu-toolchain/bin/../lib/gcc/avr/5.4.0/avr51\libgcc.a(_copy_data.o)
                              class/ticker.o (__do_copy_data)
e:/mi/microchipstudio/7.0/toolchain/avr8/avr8-gnu-toolchain/bin/../lib/gcc/avr/5.4.0/avr51\libgcc.a(_clear_bss.o)
                              class/ticker.o (__do_clear_bss)
e:/mi/microchipstudio/7.0/toolchain/avr8/avr8-gnu-toolchain/bin/../lib/gcc/avr/5.4.0/avr51\libgcc.a(_muluhisi3.o)
                              class/ticker.o (__muluhisi3)
e:/mi/microchipstudio/7.0/toolchain/avr8/avr8-gnu-toolchain/bin/../lib/gcc/avr/5.4.0/avr51\libgcc.a(_mulshisi3.o)
                              class/ticker.o (__mulshisi3)
e:/mi/microchipstudio/7.0/toolchain/avr8/avr8-gnu-toolchain/bin/../lib/gcc/avr/5.4.0/avr51\libgcc.a(_umulhisi3.o)
                              e:/mi/microchipstudio/7.0/toolchain/avr8/avr8-gnu-toolchain/bin/../lib/gcc/avr/5.4.0/avr51\libgcc.a(_muluhisi3.o) (__umulhisi3)
e:/mi/microchipstudio/7.0/toolchain/avr8/avr8-gnu-toolchain/bin/../lib/gcc/avr/5.4.0/../../../../avr/lib/avr51\libc.a(rand.o)
                              class/ticker.o (srand)
e:/mi/microchipstudio/7.0/toolchain/avr8/avr8-gnu-toolchain/bin/../lib/gcc/avr/5.4.0/../../../../avr/lib/avr51\libc.a(time.o)
                              class/ticker.o (time)
e:/mi/microchipstudio/7.0/toolchain/avr8/avr8-gnu-toolchain/bin/../lib/gcc/avr/5.4.0/../../../../avr/lib/avr51\libc.a(system_time.o)
                              e:/mi/microchipstudio/7.0/toolchain/avr8/avr8-gnu-toolchain/bin/../lib/gcc/avr/5.4.0/../../../../avr/lib/avr51\libc.a(time.o) (__system_time)
e:/mi/microchipstudio/7.0/toolchain/avr8/avr8-gnu-toolchain/bin/../lib/gcc/avr/5.4.0/avr51\libgcc.a(_divmodsi4.o)
                              e:/mi/microchipstudio/7.0/toolchain/avr8/avr8-gnu-toolchain/bin/../lib/gcc/avr/5.4.0/../../../../avr/lib/avr51\libc.a(rand.o) (__divmodsi4)
e:/mi/microchipstudio/7.0/toolchain/avr8/avr8-gnu-toolchain/bin/../lib/gcc/avr/5.4.0/avr51\libgcc.a(_negsi2.o)
                              e:/mi/microchipstudio/7.0/toolchain/avr8/avr8-gnu-toolchain/bin/../lib/gcc/avr/5.4.0/avr51\libgcc.a(_divmodsi4.o) (__negsi2)
e:/mi/microchipstudio/7.0/toolchain/avr8/avr8-gnu-toolchain/bin/../lib/gcc/avr/5.4.0/avr51\libgcc.a(_udivmodsi4.o)
                              e:/mi/microchipstudio/7.0/toolchain/avr8/avr8-gnu-toolchain/bin/../lib/gcc/avr/5.4.0/avr51\libgcc.a(_divmodsi4.o) (__udivmodsi4)

Allocating common symbols
Common symbol       size              file

ticker              0x5b4             class/ticker.o
__system_time       0x4               e:/mi/microchipstudio/7.0/toolchain/avr8/avr8-gnu-toolchain/bin/../lib/gcc/avr/5.4.0/../../../../avr/lib/avr51\libc.a(system_time.o)

Discarded input sections

 .data          0x00000000        0x0 E:/mi/MicrochipStudio/7.0/Packs/atmel/ATmega_DFP/1.6.364/gcc/dev/atmega128a/avr51/crtatmega128a.o
 .bss           0x00000000        0x0 E:/mi/MicrochipStudio/7.0/Packs/atmel/ATmega_DFP/1.6.364/gcc/dev/atmega128a/avr51/crtatmega128a.o
 .group         0x00000000        0x8 class/ticker.o
 .group         0x00000000        0x8 class/ticker.o
 .group         0x00000000        0x8 class/ticker.o
 .group         0x00000000        0x8 class/ticker.o
 .group         0x00000000        0x8 class/ticker.o
 .group         0x00000000        0x8 class/ticker.o
 .group         0x00000000        0x8 class/ticker.o
 .group         0x00000000        0x8 class/ticker.o
 .group         0x00000000        0x8 class/ticker.o
 .group         0x00000000        0x8 class/ticker.o
 .group         0x00000000        0x8 class/ticker.o
 .group         0x00000000        0x8 class/ticker.o
 .group         0x00000000        0x8 class/ticker.o
 .group         0x00000000        0x8 class/ticker.o
 .group         0x00000000        0x8 class/ticker.o
 .group         0x00000000        0x8 class/ticker.o
 .group         0x00000000        0x8 class/ticker.o
 .group         0x00000000        0x8 class/ticker.o
 .group         0x00000000        0x8 class/ticker.o
 .group         0x00000000        0x8 class/ticker.o
 .group         0x00000000        0x8 class/ticker.o
 .group         0x00000000        0x8 class/ticker.o
 .group         0x00000000        0x8 class/ticker.o
 .group         0x00000000        0x8 class/ticker.o
 .group         0x00000000        0x8 class/ticker.o
 .text          0x00000000        0x0 class/ticker.o
 .data          0x00000000        0x0 class/ticker.o
 .bss           0x00000000        0x0 class/ticker.o
 .text.createTickerLine
                0x00000000       0xb6 class/ticker.o
 .text.cyclicShiftLine
                0x00000000      0x15e class/ticker.o
 .rodata.stateBitSPI
                0x00000000        0x4 class/ticker.o
 .group         0x00000000        0x8 main.o
 .group         0x00000000        0x8 main.o
 .group         0x00000000        0x8 main.o
 .group         0x00000000        0x8 main.o
 .group         0x00000000        0x8 main.o
 .group         0x00000000        0x8 main.o
 .group         0x00000000        0x8 main.o
 .group         0x00000000        0x8 main.o
 .group         0x00000000        0x8 main.o
 .group         0x00000000        0x8 main.o
 .group         0x00000000        0x8 main.o
 .group         0x00000000        0x8 main.o
 .group         0x00000000        0x8 main.o
 .group         0x00000000        0x8 main.o
 .group         0x00000000        0x8 main.o
 .group         0x00000000        0x8 main.o
 .group         0x00000000        0x8 main.o
 .group         0x00000000        0x8 main.o
 .group         0x00000000        0x8 main.o
 .group         0x00000000        0x8 main.o
 .group         0x00000000        0x8 main.o
 .text          0x00000000        0x0 main.o
 .data          0x00000000        0x0 main.o
 .bss           0x00000000        0x0 main.o
 .debug_macro   0x00000000      0xa66 main.o
 .debug_macro   0x00000000      0x1c9 main.o
 .debug_macro   0x00000000       0x10 main.o
 .debug_macro   0x00000000       0x9e main.o
 .debug_macro   0x00000000     0x138f main.o
 .debug_macro   0x00000000      0x204 main.o
 .debug_macro   0x00000000       0xcb main.o
 .debug_macro   0x00000000       0x34 main.o
 .debug_macro   0x00000000       0x18 main.o
 .debug_macro   0x00000000       0x6c main.o
 .debug_macro   0x00000000       0x16 main.o
 .debug_macro   0x00000000       0x22 main.o
 .debug_macro   0x00000000       0x1c main.o
 .debug_macro   0x00000000      0x10e main.o
 .debug_macro   0x00000000       0x66 main.o
 .debug_macro   0x00000000       0x16 main.o
 .debug_macro   0x00000000       0x20 main.o
 .group         0x00000000        0x8 SPI/mtr_SPI.o
 .group         0x00000000        0x8 SPI/mtr_SPI.o
 .group         0x00000000        0x8 SPI/mtr_SPI.o
 .group         0x00000000        0x8 SPI/mtr_SPI.o
 .group         0x00000000        0x8 SPI/mtr_SPI.o
 .group         0x00000000        0x8 SPI/mtr_SPI.o
 .group         0x00000000        0x8 SPI/mtr_SPI.o
 .group         0x00000000        0x8 SPI/mtr_SPI.o
 .group         0x00000000        0x8 SPI/mtr_SPI.o
 .group         0x00000000        0x8 SPI/mtr_SPI.o
 .group         0x00000000        0x8 SPI/mtr_SPI.o
 .group         0x00000000        0x8 SPI/mtr_SPI.o
 .group         0x00000000        0x8 SPI/mtr_SPI.o
 .group         0x00000000        0x8 SPI/mtr_SPI.o
 .group         0x00000000        0x8 SPI/mtr_SPI.o
 .group         0x00000000        0x8 SPI/mtr_SPI.o
 .group         0x00000000        0x8 SPI/mtr_SPI.o
 .group         0x00000000        0x8 SPI/mtr_SPI.o
 .group         0x00000000        0x8 SPI/mtr_SPI.o
 .text          0x00000000        0x0 SPI/mtr_SPI.o
 .data          0x00000000        0x0 SPI/mtr_SPI.o
 .bss           0x00000000        0x0 SPI/mtr_SPI.o
 .text.MTR_SPI_SlaveReceive
                0x00000000        0x4 SPI/mtr_SPI.o
 .debug_macro   0x00000000      0xa66 SPI/mtr_SPI.o
 .debug_macro   0x00000000       0x10 SPI/mtr_SPI.o
 .debug_macro   0x00000000      0x1c9 SPI/mtr_SPI.o
 .debug_macro   0x00000000      0x2fc SPI/mtr_SPI.o
 .debug_macro   0x00000000       0x9e SPI/mtr_SPI.o
 .debug_macro   0x00000000     0x138f SPI/mtr_SPI.o
 .debug_macro   0x00000000      0x204 SPI/mtr_SPI.o
 .debug_macro   0x00000000       0xcb SPI/mtr_SPI.o
 .debug_macro   0x00000000       0x34 SPI/mtr_SPI.o
 .debug_macro   0x00000000       0x18 SPI/mtr_SPI.o
 .debug_macro   0x00000000       0x6c SPI/mtr_SPI.o
 .debug_macro   0x00000000       0x22 SPI/mtr_SPI.o
 .debug_macro   0x00000000       0xb8 SPI/mtr_SPI.o
 .debug_macro   0x00000000       0x1c SPI/mtr_SPI.o
 .debug_macro   0x00000000      0x10e SPI/mtr_SPI.o
 .debug_macro   0x00000000       0x66 SPI/mtr_SPI.o
 .debug_macro   0x00000000       0x16 SPI/mtr_SPI.o
 .debug_macro   0x00000000       0x20 SPI/mtr_SPI.o
 .debug_macro   0x00000000       0x69 SPI/mtr_SPI.o
 .group         0x00000000        0x8 src/init.o
 .group         0x00000000        0x8 src/init.o
 .group         0x00000000        0x8 src/init.o
 .group         0x00000000        0x8 src/init.o
 .group         0x00000000        0x8 src/init.o
 .group         0x00000000        0x8 src/init.o
 .group         0x00000000        0x8 src/init.o
 .group         0x00000000        0x8 src/init.o
 .group         0x00000000        0x8 src/init.o
 .group         0x00000000        0x8 src/init.o
 .group         0x00000000        0x8 src/init.o
 .group         0x00000000        0x8 src/init.o
 .group         0x00000000        0x8 src/init.o
 .group         0x00000000        0x8 src/init.o
 .group         0x00000000        0x8 src/init.o
 .group         0x00000000        0x8 src/init.o
 .group         0x00000000        0x8 src/init.o
 .group         0x00000000        0x8 src/init.o
 .group         0x00000000        0x8 src/init.o
 .text          0x00000000        0x0 src/init.o
 .data          0x00000000        0x0 src/init.o
 .bss           0x00000000        0x0 src/init.o
 .debug_macro   0x00000000      0xa66 src/init.o
 .debug_macro   0x00000000      0x1c9 src/init.o
 .debug_macro   0x00000000       0x16 src/init.o
 .debug_macro   0x00000000       0x22 src/init.o
 .debug_macro   0x00000000       0x1c src/init.o
 .debug_macro   0x00000000      0x10e src/init.o
 .debug_macro   0x00000000       0x66 src/init.o
 .debug_macro   0x00000000       0x16 src/init.o
 .debug_macro   0x00000000       0x20 src/init.o
 .debug_macro   0x00000000       0x10 src/init.o
 .debug_macro   0x00000000      0x302 src/init.o
 .debug_macro   0x00000000       0x9e src/init.o
 .debug_macro   0x00000000     0x138f src/init.o
 .debug_macro   0x00000000      0x204 src/init.o
 .debug_macro   0x00000000       0xcb src/init.o
 .debug_macro   0x00000000       0x34 src/init.o
 .debug_macro   0x00000000       0x18 src/init.o
 .debug_macro   0x00000000       0x6c src/init.o
 .debug_macro   0x00000000       0x69 src/init.o
 .group         0x00000000        0x8 src/task.o
 .group         0x00000000        0x8 src/task.o
 .group         0x00000000        0x8 src/task.o
 .group         0x00000000        0x8 src/task.o
 .group         0x00000000        0x8 src/task.o
 .group         0x00000000        0x8 src/task.o
 .group         0x00000000        0x8 src/task.o
 .group         0x00000000        0x8 src/task.o
 .group         0x00000000        0x8 src/task.o
 .group         0x00000000        0x8 src/task.o
 .group         0x00000000        0x8 src/task.o
 .group         0x00000000        0x8 src/task.o
 .group         0x00000000        0x8 src/task.o
 .group         0x00000000        0x8 src/task.o
 .group         0x00000000        0x8 src/task.o
 .group         0x00000000        0x8 src/task.o
 .group         0x00000000        0x8 src/task.o
 .group         0x00000000        0x8 src/task.o
 .group         0x00000000        0x8 src/task.o
 .text          0x00000000        0x0 src/task.o
 .data          0x00000000        0x0 src/task.o
 .bss           0x00000000        0x0 src/task.o
 .text.update   0x00000000        0x2 src/task.o
 .debug_info    0x00000000       0x90 src/task.o
 .debug_abbrev  0x00000000       0x45 src/task.o
 .debug_aranges
                0x00000000       0x20 src/task.o
 .debug_ranges  0x00000000       0x10 src/task.o
 .debug_macro   0x00000000       0xfd src/task.o
 .debug_macro   0x00000000      0xa66 src/task.o
 .debug_macro   0x00000000      0x1c9 src/task.o
 .debug_macro   0x00000000       0x16 src/task.o
 .debug_macro   0x00000000       0x10 src/task.o
 .debug_macro   0x00000000      0x302 src/task.o
 .debug_macro   0x00000000       0x9e src/task.o
 .debug_macro   0x00000000     0x138f src/task.o
 .debug_macro   0x00000000      0x204 src/task.o
 .debug_macro   0x00000000       0xcb src/task.o
 .debug_macro   0x00000000       0x34 src/task.o
 .debug_macro   0x00000000       0x18 src/task.o
 .debug_macro   0x00000000       0x6c src/task.o
 .debug_macro   0x00000000       0x69 src/task.o
 .debug_macro   0x00000000       0x1c src/task.o
 .debug_macro   0x00000000      0x10e src/task.o
 .debug_macro   0x00000000       0x66 src/task.o
 .debug_macro   0x00000000       0x16 src/task.o
 .debug_macro   0x00000000       0x20 src/task.o
 .debug_macro   0x00000000       0x22 src/task.o
 .debug_line    0x00000000      0x2bc src/task.o
 .debug_str     0x00000000     0x72be src/task.o
 .comment       0x00000000       0x31 src/task.o
 .debug_frame   0x00000000       0x24 src/task.o
 .text          0x00000000        0x0 e:/mi/microchipstudio/7.0/toolchain/avr8/avr8-gnu-toolchain/bin/../lib/gcc/avr/5.4.0/avr51\libgcc.a(_mulsi3.o)
 .data          0x00000000        0x0 e:/mi/microchipstudio/7.0/toolchain/avr8/avr8-gnu-toolchain/bin/../lib/gcc/avr/5.4.0/avr51\libgcc.a(_mulsi3.o)
 .bss           0x00000000        0x0 e:/mi/microchipstudio/7.0/toolchain/avr8/avr8-gnu-toolchain/bin/../lib/gcc/avr/5.4.0/avr51\libgcc.a(_mulsi3.o)
 .text.libgcc.div
                0x00000000        0x0 e:/mi/microchipstudio/7.0/toolchain/avr8/avr8-gnu-toolchain/bin/../lib/gcc/avr/5.4.0/avr51\libgcc.a(_mulsi3.o)
 .text.libgcc   0x00000000        0x0 e:/mi/microchipstudio/7.0/toolchain/avr8/avr8-gnu-toolchain/bin/../lib/gcc/avr/5.4.0/avr51\libgcc.a(_mulsi3.o)
 .text.libgcc.prologue
                0x00000000        0x0 e:/mi/microchipstudio/7.0/toolchain/avr8/avr8-gnu-toolchain/bin/../lib/gcc/avr/5.4.0/avr51\libgcc.a(_mulsi3.o)
 .text.libgcc.builtins
                0x00000000        0x0 e:/mi/microchipstudio/7.0/toolchain/avr8/avr8-gnu-toolchain/bin/../lib/gcc/avr/5.4.0/avr51\libgcc.a(_mulsi3.o)
 .text.libgcc.fmul
                0x00000000        0x0 e:/mi/microchipstudio/7.0/toolchain/avr8/avr8-gnu-toolchain/bin/../lib/gcc/avr/5.4.0/avr51\libgcc.a(_mulsi3.o)
 .text.libgcc.fixed
                0x00000000        0x0 e:/mi/microchipstudio/7.0/toolchain/avr8/avr8-gnu-toolchain/bin/../lib/gcc/avr/5.4.0/avr51\libgcc.a(_mulsi3.o)
 .text          0x00000000        0x0 e:/mi/microchipstudio/7.0/toolchain/avr8/avr8-gnu-toolchain/bin/../lib/gcc/avr/5.4.0/avr51\libgcc.a(_exit.o)
 .data          0x00000000        0x0 e:/mi/microchipstudio/7.0/toolchain/avr8/avr8-gnu-toolchain/bin/../lib/gcc/avr/5.4.0/avr51\libgcc.a(_exit.o)
 .bss           0x00000000        0x0 e:/mi/microchipstudio/7.0/toolchain/avr8/avr8-gnu-toolchain/bin/../lib/gcc/avr/5.4.0/avr51\libgcc.a(_exit.o)
 .text.libgcc.mul
                0x00000000        0x0 e:/mi/microchipstudio/7.0/toolchain/avr8/avr8-gnu-toolchain/bin/../lib/gcc/avr/5.4.0/avr51\libgcc.a(_exit.o)
 .text.libgcc.div
                0x00000000        0x0 e:/mi/microchipstudio/7.0/toolchain/avr8/avr8-gnu-toolchain/bin/../lib/gcc/avr/5.4.0/avr51\libgcc.a(_exit.o)
 .text.libgcc   0x00000000        0x0 e:/mi/microchipstudio/7.0/toolchain/avr8/avr8-gnu-toolchain/bin/../lib/gcc/avr/5.4.0/avr51\libgcc.a(_exit.o)
 .text.libgcc.prologue
                0x00000000        0x0 e:/mi/microchipstudio/7.0/toolchain/avr8/avr8-gnu-toolchain/bin/../lib/gcc/avr/5.4.0/avr51\libgcc.a(_exit.o)
 .text.libgcc.builtins
                0x00000000        0x0 e:/mi/microchipstudio/7.0/toolchain/avr8/avr8-gnu-toolchain/bin/../lib/gcc/avr/5.4.0/avr51\libgcc.a(_exit.o)
 .text.libgcc.fmul
                0x00000000        0x0 e:/mi/microchipstudio/7.0/toolchain/avr8/avr8-gnu-toolchain/bin/../lib/gcc/avr/5.4.0/avr51\libgcc.a(_exit.o)
 .text.libgcc.fixed
                0x00000000        0x0 e:/mi/microchipstudio/7.0/toolchain/avr8/avr8-gnu-toolchain/bin/../lib/gcc/avr/5.4.0/avr51\libgcc.a(_exit.o)
 .text          0x00000000        0x0 e:/mi/microchipstudio/7.0/toolchain/avr8/avr8-gnu-toolchain/bin/../lib/gcc/avr/5.4.0/avr51\libgcc.a(_tablejump2.o)
 .data          0x00000000        0x0 e:/mi/microchipstudio/7.0/toolchain/avr8/avr8-gnu-toolchain/bin/../lib/gcc/avr/5.4.0/avr51\libgcc.a(_tablejump2.o)
 .bss           0x00000000        0x0 e:/mi/microchipstudio/7.0/toolchain/avr8/avr8-gnu-toolchain/bin/../lib/gcc/avr/5.4.0/avr51\libgcc.a(_tablejump2.o)
 .text.libgcc.mul
                0x00000000        0x0 e:/mi/microchipstudio/7.0/toolchain/avr8/avr8-gnu-toolchain/bin/../lib/gcc/avr/5.4.0/avr51\libgcc.a(_tablejump2.o)
 .text.libgcc.div
                0x00000000        0x0 e:/mi/microchipstudio/7.0/toolchain/avr8/avr8-gnu-toolchain/bin/../lib/gcc/avr/5.4.0/avr51\libgcc.a(_tablejump2.o)
 .text.libgcc.prologue
                0x00000000        0x0 e:/mi/microchipstudio/7.0/toolchain/avr8/avr8-gnu-toolchain/bin/../lib/gcc/avr/5.4.0/avr51\libgcc.a(_tablejump2.o)
 .text.libgcc.builtins
                0x00000000        0x0 e:/mi/microchipstudio/7.0/toolchain/avr8/avr8-gnu-toolchain/bin/../lib/gcc/avr/5.4.0/avr51\libgcc.a(_tablejump2.o)
 .text.libgcc.fmul
                0x00000000        0x0 e:/mi/microchipstudio/7.0/toolchain/avr8/avr8-gnu-toolchain/bin/../lib/gcc/avr/5.4.0/avr51\libgcc.a(_tablejump2.o)
 .text.libgcc.fixed
                0x00000000        0x0 e:/mi/microchipstudio/7.0/toolchain/avr8/avr8-gnu-toolchain/bin/../lib/gcc/avr/5.4.0/avr51\libgcc.a(_tablejump2.o)
 .text          0x00000000        0x0 e:/mi/microchipstudio/7.0/toolchain/avr8/avr8-gnu-toolchain/bin/../lib/gcc/avr/5.4.0/avr51\libgcc.a(_copy_data.o)
 .data          0x00000000        0x0 e:/mi/microchipstudio/7.0/toolchain/avr8/avr8-gnu-toolchain/bin/../lib/gcc/avr/5.4.0/avr51\libgcc.a(_copy_data.o)
 .bss           0x00000000        0x0 e:/mi/microchipstudio/7.0/toolchain/avr8/avr8-gnu-toolchain/bin/../lib/gcc/avr/5.4.0/avr51\libgcc.a(_copy_data.o)
 .text.libgcc.mul
                0x00000000        0x0 e:/mi/microchipstudio/7.0/toolchain/avr8/avr8-gnu-toolchain/bin/../lib/gcc/avr/5.4.0/avr51\libgcc.a(_copy_data.o)
 .text.libgcc.div
                0x00000000        0x0 e:/mi/microchipstudio/7.0/toolchain/avr8/avr8-gnu-toolchain/bin/../lib/gcc/avr/5.4.0/avr51\libgcc.a(_copy_data.o)
 .text.libgcc   0x00000000        0x0 e:/mi/microchipstudio/7.0/toolchain/avr8/avr8-gnu-toolchain/bin/../lib/gcc/avr/5.4.0/avr51\libgcc.a(_copy_data.o)
 .text.libgcc.prologue
                0x00000000        0x0 e:/mi/microchipstudio/7.0/toolchain/avr8/avr8-gnu-toolchain/bin/../lib/gcc/avr/5.4.0/avr51\libgcc.a(_copy_data.o)
 .text.libgcc.builtins
                0x00000000        0x0 e:/mi/microchipstudio/7.0/toolchain/avr8/avr8-gnu-toolchain/bin/../lib/gcc/avr/5.4.0/avr51\libgcc.a(_copy_data.o)
 .text.libgcc.fmul
                0x00000000        0x0 e:/mi/microchipstudio/7.0/toolchain/avr8/avr8-gnu-toolchain/bin/../lib/gcc/avr/5.4.0/avr51\libgcc.a(_copy_data.o)
 .text.libgcc.fixed
                0x00000000        0x0 e:/mi/microchipstudio/7.0/toolchain/avr8/avr8-gnu-toolchain/bin/../lib/gcc/avr/5.4.0/avr51\libgcc.a(_copy_data.o)
 .text          0x00000000        0x0 e:/mi/microchipstudio/7.0/toolchain/avr8/avr8-gnu-toolchain/bin/../lib/gcc/avr/5.4.0/avr51\libgcc.a(_clear_bss.o)
 .data          0x00000000        0x0 e:/mi/microchipstudio/7.0/toolchain/avr8/avr8-gnu-toolchain/bin/../lib/gcc/avr/5.4.0/avr51\libgcc.a(_clear_bss.o)
 .bss           0x00000000        0x0 e:/mi/microchipstudio/7.0/toolchain/avr8/avr8-gnu-toolchain/bin/../lib/gcc/avr/5.4.0/avr51\libgcc.a(_clear_bss.o)
 .text.libgcc.mul
                0x00000000        0x0 e:/mi/microchipstudio/7.0/toolchain/avr8/avr8-gnu-toolchain/bin/../lib/gcc/avr/5.4.0/avr51\libgcc.a(_clear_bss.o)
 .text.libgcc.div
                0x00000000        0x0 e:/mi/microchipstudio/7.0/toolchain/avr8/avr8-gnu-toolchain/bin/../lib/gcc/avr/5.4.0/avr51\libgcc.a(_clear_bss.o)
 .text.libgcc   0x00000000        0x0 e:/mi/microchipstudio/7.0/toolchain/avr8/avr8-gnu-toolchain/bin/../lib/gcc/avr/5.4.0/avr51\libgcc.a(_clear_bss.o)
 .text.libgcc.prologue
                0x00000000        0x0 e:/mi/microchipstudio/7.0/toolchain/avr8/avr8-gnu-toolchain/bin/../lib/gcc/avr/5.4.0/avr51\libgcc.a(_clear_bss.o)
 .text.libgcc.builtins
                0x00000000        0x0 e:/mi/microchipstudio/7.0/toolchain/avr8/avr8-gnu-toolchain/bin/../lib/gcc/avr/5.4.0/avr51\libgcc.a(_clear_bss.o)
 .text.libgcc.fmul
                0x00000000        0x0 e:/mi/microchipstudio/7.0/toolchain/avr8/avr8-gnu-toolchain/bin/../lib/gcc/avr/5.4.0/avr51\libgcc.a(_clear_bss.o)
 .text.libgcc.fixed
                0x00000000        0x0 e:/mi/microchipstudio/7.0/toolchain/avr8/avr8-gnu-toolchain/bin/../lib/gcc/avr/5.4.0/avr51\libgcc.a(_clear_bss.o)
 .text          0x00000000        0x0 e:/mi/microchipstudio/7.0/toolchain/avr8/avr8-gnu-toolchain/bin/../lib/gcc/avr/5.4.0/avr51\libgcc.a(_muluhisi3.o)
 .data          0x00000000        0x0 e:/mi/microchipstudio/7.0/toolchain/avr8/avr8-gnu-toolchain/bin/../lib/gcc/avr/5.4.0/avr51\libgcc.a(_muluhisi3.o)
 .bss           0x00000000        0x0 e:/mi/microchipstudio/7.0/toolchain/avr8/avr8-gnu-toolchain/bin/../lib/gcc/avr/5.4.0/avr51\libgcc.a(_muluhisi3.o)
 .text.libgcc.div
                0x00000000        0x0 e:/mi/microchipstudio/7.0/toolchain/avr8/avr8-gnu-toolchain/bin/../lib/gcc/avr/5.4.0/avr51\libgcc.a(_muluhisi3.o)
 .text.libgcc   0x00000000        0x0 e:/mi/microchipstudio/7.0/toolchain/avr8/avr8-gnu-toolchain/bin/../lib/gcc/avr/5.4.0/avr51\libgcc.a(_muluhisi3.o)
 .text.libgcc.prologue
                0x00000000        0x0 e:/mi/microchipstudio/7.0/toolchain/avr8/avr8-gnu-toolchain/bin/../lib/gcc/avr/5.4.0/avr51\libgcc.a(_muluhisi3.o)
 .text.libgcc.builtins
                0x00000000        0x0 e:/mi/microchipstudio/7.0/toolchain/avr8/avr8-gnu-toolchain/bin/../lib/gcc/avr/5.4.0/avr51\libgcc.a(_muluhisi3.o)
 .text.libgcc.fmul
                0x00000000        0x0 e:/mi/microchipstudio/7.0/toolchain/avr8/avr8-gnu-toolchain/bin/../lib/gcc/avr/5.4.0/avr51\libgcc.a(_muluhisi3.o)
 .text.libgcc.fixed
                0x00000000        0x0 e:/mi/microchipstudio/7.0/toolchain/avr8/avr8-gnu-toolchain/bin/../lib/gcc/avr/5.4.0/avr51\libgcc.a(_muluhisi3.o)
 .text          0x00000000        0x0 e:/mi/microchipstudio/7.0/toolchain/avr8/avr8-gnu-toolchain/bin/../lib/gcc/avr/5.4.0/avr51\libgcc.a(_mulshisi3.o)
 .data          0x00000000        0x0 e:/mi/microchipstudio/7.0/toolchain/avr8/avr8-gnu-toolchain/bin/../lib/gcc/avr/5.4.0/avr51\libgcc.a(_mulshisi3.o)
 .bss           0x00000000        0x0 e:/mi/microchipstudio/7.0/toolchain/avr8/avr8-gnu-toolchain/bin/../lib/gcc/avr/5.4.0/avr51\libgcc.a(_mulshisi3.o)
 .text.libgcc.div
                0x00000000        0x0 e:/mi/microchipstudio/7.0/toolchain/avr8/avr8-gnu-toolchain/bin/../lib/gcc/avr/5.4.0/avr51\libgcc.a(_mulshisi3.o)
 .text.libgcc   0x00000000        0x0 e:/mi/microchipstudio/7.0/toolchain/avr8/avr8-gnu-toolchain/bin/../lib/gcc/avr/5.4.0/avr51\libgcc.a(_mulshisi3.o)
 .text.libgcc.prologue
                0x00000000        0x0 e:/mi/microchipstudio/7.0/toolchain/avr8/avr8-gnu-toolchain/bin/../lib/gcc/avr/5.4.0/avr51\libgcc.a(_mulshisi3.o)
 .text.libgcc.builtins
                0x00000000        0x0 e:/mi/microchipstudio/7.0/toolchain/avr8/avr8-gnu-toolchain/bin/../lib/gcc/avr/5.4.0/avr51\libgcc.a(_mulshisi3.o)
 .text.libgcc.fmul
                0x00000000        0x0 e:/mi/microchipstudio/7.0/toolchain/avr8/avr8-gnu-toolchain/bin/../lib/gcc/avr/5.4.0/avr51\libgcc.a(_mulshisi3.o)
 .text.libgcc.fixed
                0x00000000        0x0 e:/mi/microchipstudio/7.0/toolchain/avr8/avr8-gnu-toolchain/bin/../lib/gcc/avr/5.4.0/avr51\libgcc.a(_mulshisi3.o)
 .text          0x00000000        0x0 e:/mi/microchipstudio/7.0/toolchain/avr8/avr8-gnu-toolchain/bin/../lib/gcc/avr/5.4.0/avr51\libgcc.a(_umulhisi3.o)
 .data          0x00000000        0x0 e:/mi/microchipstudio/7.0/toolchain/avr8/avr8-gnu-toolchain/bin/../lib/gcc/avr/5.4.0/avr51\libgcc.a(_umulhisi3.o)
 .bss           0x00000000        0x0 e:/mi/microchipstudio/7.0/toolchain/avr8/avr8-gnu-toolchain/bin/../lib/gcc/avr/5.4.0/avr51\libgcc.a(_umulhisi3.o)
 .text.libgcc.div
                0x00000000        0x0 e:/mi/microchipstudio/7.0/toolchain/avr8/avr8-gnu-toolchain/bin/../lib/gcc/avr/5.4.0/avr51\libgcc.a(_umulhisi3.o)
 .text.libgcc   0x00000000        0x0 e:/mi/microchipstudio/7.0/toolchain/avr8/avr8-gnu-toolchain/bin/../lib/gcc/avr/5.4.0/avr51\libgcc.a(_umulhisi3.o)
 .text.libgcc.prologue
                0x00000000        0x0 e:/mi/microchipstudio/7.0/toolchain/avr8/avr8-gnu-toolchain/bin/../lib/gcc/avr/5.4.0/avr51\libgcc.a(_umulhisi3.o)
 .text.libgcc.builtins
                0x00000000        0x0 e:/mi/microchipstudio/7.0/toolchain/avr8/avr8-gnu-toolchain/bin/../lib/gcc/avr/5.4.0/avr51\libgcc.a(_umulhisi3.o)
 .text.libgcc.fmul
                0x00000000        0x0 e:/mi/microchipstudio/7.0/toolchain/avr8/avr8-gnu-toolchain/bin/../lib/gcc/avr/5.4.0/avr51\libgcc.a(_umulhisi3.o)
 .text.libgcc.fixed
                0x00000000        0x0 e:/mi/microchipstudio/7.0/toolchain/avr8/avr8-gnu-toolchain/bin/../lib/gcc/avr/5.4.0/avr51\libgcc.a(_umulhisi3.o)
 .text          0x00000000        0x0 e:/mi/microchipstudio/7.0/toolchain/avr8/avr8-gnu-toolchain/bin/../lib/gcc/avr/5.4.0/../../../../avr/lib/avr51\libc.a(rand.o)
 .bss           0x00000000        0x0 e:/mi/microchipstudio/7.0/toolchain/avr8/avr8-gnu-toolchain/bin/../lib/gcc/avr/5.4.0/../../../../avr/lib/avr51\libc.a(rand.o)
 .data          0x00000000        0x0 e:/mi/microchipstudio/7.0/toolchain/avr8/avr8-gnu-toolchain/bin/../lib/gcc/avr/5.4.0/../../../../avr/lib/avr51\libc.a(time.o)
 .bss           0x00000000        0x0 e:/mi/microchipstudio/7.0/toolchain/avr8/avr8-gnu-toolchain/bin/../lib/gcc/avr/5.4.0/../../../../avr/lib/avr51\libc.a(time.o)
 .text          0x00000000        0x0 e:/mi/microchipstudio/7.0/toolchain/avr8/avr8-gnu-toolchain/bin/../lib/gcc/avr/5.4.0/../../../../avr/lib/avr51\libc.a(system_time.o)
 .data          0x00000000        0x0 e:/mi/microchipstudio/7.0/toolchain/avr8/avr8-gnu-toolchain/bin/../lib/gcc/avr/5.4.0/../../../../avr/lib/avr51\libc.a(system_time.o)
 .bss           0x00000000        0x0 e:/mi/microchipstudio/7.0/toolchain/avr8/avr8-gnu-toolchain/bin/../lib/gcc/avr/5.4.0/../../../../avr/lib/avr51\libc.a(system_time.o)
 .text          0x00000000        0x0 e:/mi/microchipstudio/7.0/toolchain/avr8/avr8-gnu-toolchain/bin/../lib/gcc/avr/5.4.0/avr51\libgcc.a(_divmodsi4.o)
 .data          0x00000000        0x0 e:/mi/microchipstudio/7.0/toolchain/avr8/avr8-gnu-toolchain/bin/../lib/gcc/avr/5.4.0/avr51\libgcc.a(_divmodsi4.o)
 .bss           0x00000000        0x0 e:/mi/microchipstudio/7.0/toolchain/avr8/avr8-gnu-toolchain/bin/../lib/gcc/avr/5.4.0/avr51\libgcc.a(_divmodsi4.o)
 .text.libgcc.mul
                0x00000000        0x0 e:/mi/microchipstudio/7.0/toolchain/avr8/avr8-gnu-toolchain/bin/../lib/gcc/avr/5.4.0/avr51\libgcc.a(_divmodsi4.o)
 .text.libgcc   0x00000000        0x0 e:/mi/microchipstudio/7.0/toolchain/avr8/avr8-gnu-toolchain/bin/../lib/gcc/avr/5.4.0/avr51\libgcc.a(_divmodsi4.o)
 .text.libgcc.prologue
                0x00000000        0x0 e:/mi/microchipstudio/7.0/toolchain/avr8/avr8-gnu-toolchain/bin/../lib/gcc/avr/5.4.0/avr51\libgcc.a(_divmodsi4.o)
 .text.libgcc.builtins
                0x00000000        0x0 e:/mi/microchipstudio/7.0/toolchain/avr8/avr8-gnu-toolchain/bin/../lib/gcc/avr/5.4.0/avr51\libgcc.a(_divmodsi4.o)
 .text.libgcc.fmul
                0x00000000        0x0 e:/mi/microchipstudio/7.0/toolchain/avr8/avr8-gnu-toolchain/bin/../lib/gcc/avr/5.4.0/avr51\libgcc.a(_divmodsi4.o)
 .text.libgcc.fixed
                0x00000000        0x0 e:/mi/microchipstudio/7.0/toolchain/avr8/avr8-gnu-toolchain/bin/../lib/gcc/avr/5.4.0/avr51\libgcc.a(_divmodsi4.o)
 .text          0x00000000        0x0 e:/mi/microchipstudio/7.0/toolchain/avr8/avr8-gnu-toolchain/bin/../lib/gcc/avr/5.4.0/avr51\libgcc.a(_negsi2.o)
 .data          0x00000000        0x0 e:/mi/microchipstudio/7.0/toolchain/avr8/avr8-gnu-toolchain/bin/../lib/gcc/avr/5.4.0/avr51\libgcc.a(_negsi2.o)
 .bss           0x00000000        0x0 e:/mi/microchipstudio/7.0/toolchain/avr8/avr8-gnu-toolchain/bin/../lib/gcc/avr/5.4.0/avr51\libgcc.a(_negsi2.o)
 .text.libgcc.mul
                0x00000000        0x0 e:/mi/microchipstudio/7.0/toolchain/avr8/avr8-gnu-toolchain/bin/../lib/gcc/avr/5.4.0/avr51\libgcc.a(_negsi2.o)
 .text.libgcc   0x00000000        0x0 e:/mi/microchipstudio/7.0/toolchain/avr8/avr8-gnu-toolchain/bin/../lib/gcc/avr/5.4.0/avr51\libgcc.a(_negsi2.o)
 .text.libgcc.prologue
                0x00000000        0x0 e:/mi/microchipstudio/7.0/toolchain/avr8/avr8-gnu-toolchain/bin/../lib/gcc/avr/5.4.0/avr51\libgcc.a(_negsi2.o)
 .text.libgcc.builtins
                0x00000000        0x0 e:/mi/microchipstudio/7.0/toolchain/avr8/avr8-gnu-toolchain/bin/../lib/gcc/avr/5.4.0/avr51\libgcc.a(_negsi2.o)
 .text.libgcc.fmul
                0x00000000        0x0 e:/mi/microchipstudio/7.0/toolchain/avr8/avr8-gnu-toolchain/bin/../lib/gcc/avr/5.4.0/avr51\libgcc.a(_negsi2.o)
 .text.libgcc.fixed
                0x00000000        0x0 e:/mi/microchipstudio/7.0/toolchain/avr8/avr8-gnu-toolchain/bin/../lib/gcc/avr/5.4.0/avr51\libgcc.a(_negsi2.o)
 .text          0x00000000        0x0 e:/mi/microchipstudio/7.0/toolchain/avr8/avr8-gnu-toolchain/bin/../lib/gcc/avr/5.4.0/avr51\libgcc.a(_udivmodsi4.o)
 .data          0x00000000        0x0 e:/mi/microchipstudio/7.0/toolchain/avr8/avr8-gnu-toolchain/bin/../lib/gcc/avr/5.4.0/avr51\libgcc.a(_udivmodsi4.o)
 .bss           0x00000000        0x0 e:/mi/microchipstudio/7.0/toolchain/avr8/avr8-gnu-toolchain/bin/../lib/gcc/avr/5.4.0/avr51\libgcc.a(_udivmodsi4.o)
 .text.libgcc.mul
                0x00000000        0x0 e:/mi/microchipstudio/7.0/toolchain/avr8/avr8-gnu-toolchain/bin/../lib/gcc/avr/5.4.0/avr51\libgcc.a(_udivmodsi4.o)
 .text.libgcc   0x00000000        0x0 e:/mi/microchipstudio/7.0/toolchain/avr8/avr8-gnu-toolchain/bin/../lib/gcc/avr/5.4.0/avr51\libgcc.a(_udivmodsi4.o)
 .text.libgcc.prologue
                0x00000000        0x0 e:/mi/microchipstudio/7.0/toolchain/avr8/avr8-gnu-toolchain/bin/../lib/gcc/avr/5.4.0/avr51\libgcc.a(_udivmodsi4.o)
 .text.libgcc.builtins
                0x00000000        0x0 e:/mi/microchipstudio/7.0/toolchain/avr8/avr8-gnu-toolchain/bin/../lib/gcc/avr/5.4.0/avr51\libgcc.a(_udivmodsi4.o)
 .text.libgcc.fmul
                0x00000000        0x0 e:/mi/microchipstudio/7.0/toolchain/avr8/avr8-gnu-toolchain/bin/../lib/gcc/avr/5.4.0/avr51\libgcc.a(_udivmodsi4.o)
 .text.libgcc.fixed
                0x00000000        0x0 e:/mi/microchipstudio/7.0/toolchain/avr8/avr8-gnu-toolchain/bin/../lib/gcc/avr/5.4.0/avr51\libgcc.a(_udivmodsi4.o)

Memory Configuration

Name             Origin             Length             Attributes
text             0x00000000         0x00020000         xr
data             0x00800100         0x00001000         rw !x
eeprom           0x00810000         0x00001000         rw !x
fuse             0x00820000         0x00000003         rw !x
lock             0x00830000         0x00000400         rw !x
signature        0x00840000         0x00000400         rw !x
user_signatures  0x00850000         0x00000400         rw !x
*default*        0x00000000         0xffffffff

Linker script and memory map

Address of section .data set to 0x800100
LOAD E:/mi/MicrochipStudio/7.0/Packs/atmel/ATmega_DFP/1.6.364/gcc/dev/atmega128a/avr51/crtatmega128a.o
LOAD class/ticker.o
LOAD main.o
LOAD SPI/mtr_SPI.o
LOAD src/init.o
LOAD src/task.o
START GROUP
LOAD e:/mi/microchipstudio/7.0/toolchain/avr8/avr8-gnu-toolchain/bin/../lib/gcc/avr/5.4.0/../../../../avr/lib/avr51\libm.a
END GROUP
START GROUP
LOAD e:/mi/microchipstudio/7.0/toolchain/avr8/avr8-gnu-toolchain/bin/../lib/gcc/avr/5.4.0/avr51\libgcc.a
LOAD e:/mi/microchipstudio/7.0/toolchain/avr8/avr8-gnu-toolchain/bin/../lib/gcc/avr/5.4.0/../../../../avr/lib/avr51\libm.a
LOAD e:/mi/microchipstudio/7.0/toolchain/avr8/avr8-gnu-toolchain/bin/../lib/gcc/avr/5.4.0/../../../../avr/lib/avr51\libc.a
LOAD E:/mi/MicrochipStudio/7.0/Packs/atmel/ATmega_DFP/1.6.364/gcc/dev/atmega128a/avr51\libatmega128a.a
END GROUP
                [0x00000000]                __TEXT_REGION_ORIGIN__ = DEFINED (__TEXT_REGION_ORIGIN__)?__TEXT_REGION_ORIGIN__:0x0
                [0x00800100]                __DATA_REGION_ORIGIN__ = DEFINED (__DATA_REGION_ORIGIN__)?__DATA_REGION_ORIGIN__:0x800100
                [0x00020000]                __TEXT_REGION_LENGTH__ = DEFINED (__TEXT_REGION_LENGTH__)?__TEXT_REGION_LENGTH__:0x20000
                [0x00001000]                __DATA_REGION_LENGTH__ = DEFINED (__DATA_REGION_LENGTH__)?__DATA_REGION_LENGTH__:0xff00
                [0x00001000]                __EEPROM_REGION_LENGTH__ = DEFINED (__EEPROM_REGION_LENGTH__)?__EEPROM_REGION_LENGTH__:0x10000
                [0x00000003]                __FUSE_REGION_LENGTH__ = DEFINED (__FUSE_REGION_LENGTH__)?__FUSE_REGION_LENGTH__:0x400
                0x00000400                __LOCK_REGION_LENGTH__ = DEFINED (__LOCK_REGION_LENGTH__)?__LOCK_REGION_LENGTH__:0x400
                0x00000400                __SIGNATURE_REGION_LENGTH__ = DEFINED (__SIGNATURE_REGION_LENGTH__)?__SIGNATURE_REGION_LENGTH__:0x400
                0x00000400                __USER_SIGNATURE_REGION_LENGTH__ = DEFINED (__USER_SIGNATURE_REGION_LENGTH__)?__USER_SIGNATURE_REGION_LENGTH__:0x400

.hash
 *(.hash)

.dynsym
 *(.dynsym)

.dynstr
 *(.dynstr)

.gnu.version
 *(.gnu.version)

.gnu.version_d
 *(.gnu.version_d)

.gnu.version_r
 *(.gnu.version_r)

.rel.init
 *(.rel.init)

.rela.init
 *(.rela.init)

.rel.text
 *(.rel.text)
 *(.rel.text.*)
 *(.rel.gnu.linkonce.t*)

.rela.text
 *(.rela.text)
 *(.rela.text.*)
 *(.rela.gnu.linkonce.t*)

.rel.fini
 *(.rel.fini)

.rela.fini
 *(.rela.fini)

.rel.rodata
 *(.rel.rodata)
 *(.rel.rodata.*)
 *(.rel.gnu.linkonce.r*)

.rela.rodata
 *(.rela.rodata)
 *(.rela.rodata.*)
 *(.rela.gnu.linkonce.r*)

.rel.data
 *(.rel.data)
 *(.rel.data.*)
 *(.rel.gnu.linkonce.d*)

.rela.data
 *(.rela.data)
 *(.rela.data.*)
 *(.rela.gnu.linkonce.d*)

.rel.ctors
 *(.rel.ctors)

.rela.ctors
 *(.rela.ctors)

.rel.dtors
 *(.rel.dtors)

.rela.dtors
 *(.rela.dtors)

.rel.got
 *(.rel.got)

.rela.got
 *(.rela.got)

.rel.bss
 *(.rel.bss)

.rela.bss
 *(.rela.bss)

.rel.plt
 *(.rel.plt)

.rela.plt
 *(.rela.plt)

.text           0x00000000     0x10f6
 *(.vectors)
 .vectors       0x00000000       0x8c E:/mi/MicrochipStudio/7.0/Packs/atmel/ATmega_DFP/1.6.364/gcc/dev/atmega128a/avr51/crtatmega128a.o
                0x00000000                __vector_default
                0x00000000                __vectors
 *(.vectors)
 *(.progmem.gcc*)
 .progmem.gcc_sw_table.MTR_SPI_init
                0x0000008c        0xe SPI/mtr_SPI.o
                0x0000009a                . = ALIGN (0x2)
                0x0000009a                __trampolines_start = .
 *(.trampolines)
 .trampolines   0x0000009a        0x0 linker stubs
 *(.trampolines*)
                0x0000009a                __trampolines_end = .
 *libprintf_flt.a:*(.progmem.data)
 *libc.a:*(.progmem.data)
 *(.progmem*)
 .progmem.data.Font5x7
                0x0000009a      0x500 class/ticker.o
                0x0000009a                Font5x7
                0x0000059a                . = ALIGN (0x2)
 *(.jumptables)
 *(.jumptables*)
 *(.lowtext)
 *(.lowtext*)
                0x0000059a                __ctors_start = .
 *(.ctors)
                0x0000059a                __ctors_end = .
                0x0000059a                __dtors_start = .
 *(.dtors)
                0x0000059a                __dtors_end = .
 SORT(*)(.ctors)
 SORT(*)(.dtors)
 *(.init0)
 .init0         0x0000059a        0x0 E:/mi/MicrochipStudio/7.0/Packs/atmel/ATmega_DFP/1.6.364/gcc/dev/atmega128a/avr51/crtatmega128a.o
                0x0000059a                __init
 *(.init0)
 *(.init1)
 *(.init1)
 *(.init2)
 .init2         0x0000059a        0xc E:/mi/MicrochipStudio/7.0/Packs/atmel/ATmega_DFP/1.6.364/gcc/dev/atmega128a/avr51/crtatmega128a.o
 *(.init2)
 *(.init3)
 *(.init3)
 *(.init4)
 .init4         0x000005a6       0x1a e:/mi/microchipstudio/7.0/toolchain/avr8/avr8-gnu-toolchain/bin/../lib/gcc/avr/5.4.0/avr51\libgcc.a(_copy_data.o)
                0x000005a6                __do_copy_data
 .init4         0x000005c0       0x10 e:/mi/microchipstudio/7.0/toolchain/avr8/avr8-gnu-toolchain/bin/../lib/gcc/avr/5.4.0/avr51\libgcc.a(_clear_bss.o)
                0x000005c0                __do_clear_bss
 *(.init4)
 *(.init5)
 *(.init5)
 *(.init6)
 *(.init6)
 *(.init7)
 *(.init7)
 *(.init8)
 *(.init8)
 *(.init9)
 .init9         0x000005d0        0x4 E:/mi/MicrochipStudio/7.0/Packs/atmel/ATmega_DFP/1.6.364/gcc/dev/atmega128a/avr51/crtatmega128a.o
 *(.init9)
 *(.text)
 .text          0x000005d4        0x2 E:/mi/MicrochipStudio/7.0/Packs/atmel/ATmega_DFP/1.6.364/gcc/dev/atmega128a/avr51/crtatmega128a.o
                0x000005d4                __vector_22
                0x000005d4                __vector_28
                0x000005d4                __vector_1
                0x000005d4                __vector_32
                0x000005d4                __vector_34
                0x000005d4                __vector_24
                0x000005d4                __vector_12
                0x000005d4                __bad_interrupt
                0x000005d4                __vector_6
                0x000005d4                __vector_31
                0x000005d4                __vector_3
                0x000005d4                __vector_23
                0x000005d4                __vector_30
                0x000005d4                __vector_25
                0x000005d4                __vector_11
                0x000005d4                __vector_13
                0x000005d4                __vector_19
                0x000005d4                __vector_7
                0x000005d4                __vector_27
                0x000005d4                __vector_5
                0x000005d4                __vector_33
                0x000005d4                __vector_4
                0x000005d4                __vector_9
                0x000005d4                __vector_2
                0x000005d4                __vector_21
                0x000005d4                __vector_15
                0x000005d4                __vector_29
                0x000005d4                __vector_8
                0x000005d4                __vector_26
                0x000005d4                __vector_14
                0x000005d4                __vector_10
                0x000005d4                __vector_16
                0x000005d4                __vector_18
                0x000005d4                __vector_20
 .text          0x000005d6       0x26 e:/mi/microchipstudio/7.0/toolchain/avr8/avr8-gnu-toolchain/bin/../lib/gcc/avr/5.4.0/../../../../avr/lib/avr51\libc.a(time.o)
                0x000005d6                time
                0x000005fc                . = ALIGN (0x2)
 *(.text.*)
 .text.createTickerMatrix
                0x000005fc       0xda class/ticker.o
                0x000005fc                createTickerMatrix
 .text.addColorLedHexRGB
                0x000006d6       0x18 class/ticker.o
                0x000006d6                addColorLedHexRGB
 .text.addChar  0x000006ee       0xd4 class/ticker.o
                0x000006ee                addChar
 .text.addString
                0x000007c2       0x76 class/ticker.o
                0x000007c2                addString
 .text.cyclicShiftMatrix
                0x00000838      0x232 class/ticker.o
                0x00000838                cyclicShiftMatrix
 .text.startSend
                0x00000a6a       0x14 class/ticker.o
                0x00000a6a                startSend
 .text.__vector_17
                0x00000a7e      0x39c class/ticker.o
                0x00000a7e                __vector_17
 .text.main     0x00000e1a       0x28 main.o
                0x00000e1a                main
 .text.MTR_SPI_init
                0x00000e42       0xf2 SPI/mtr_SPI.o
                0x00000e42                MTR_SPI_init
 .text.MTR_SPI_MasterTransmitByte
                0x00000f34        0x4 SPI/mtr_SPI.o
                0x00000f34                MTR_SPI_MasterTransmitByte
 .text.initData
                0x00000f38       0x26 src/init.o
                0x00000f38                initData
 .text.libgcc.mul
                0x00000f5e       0x1e e:/mi/microchipstudio/7.0/toolchain/avr8/avr8-gnu-toolchain/bin/../lib/gcc/avr/5.4.0/avr51\libgcc.a(_mulsi3.o)
                0x00000f5e                __mulsi3
 .text.libgcc   0x00000f7c       0x12 e:/mi/microchipstudio/7.0/toolchain/avr8/avr8-gnu-toolchain/bin/../lib/gcc/avr/5.4.0/avr51\libgcc.a(_tablejump2.o)
                0x00000f7c                __tablejump2__
 .text.libgcc.mul
                0x00000f8e       0x14 e:/mi/microchipstudio/7.0/toolchain/avr8/avr8-gnu-toolchain/bin/../lib/gcc/avr/5.4.0/avr51\libgcc.a(_muluhisi3.o)
                0x00000f8e                __muluhisi3
 .text.libgcc.mul
                0x00000fa2        0xc e:/mi/microchipstudio/7.0/toolchain/avr8/avr8-gnu-toolchain/bin/../lib/gcc/avr/5.4.0/avr51\libgcc.a(_mulshisi3.o)
                0x00000fa2                __mulshisi3
                0x00000fa6                __mulohisi3
 .text.libgcc.mul
                0x00000fae       0x1e e:/mi/microchipstudio/7.0/toolchain/avr8/avr8-gnu-toolchain/bin/../lib/gcc/avr/5.4.0/avr51\libgcc.a(_umulhisi3.o)
                0x00000fae                __umulhisi3
 .text.avr-libc
                0x00000fcc       0xaa e:/mi/microchipstudio/7.0/toolchain/avr8/avr8-gnu-toolchain/bin/../lib/gcc/avr/5.4.0/../../../../avr/lib/avr51\libc.a(rand.o)
                0x00001058                rand_r
                0x0000105a                rand
                0x00001060                srand
 .text.libgcc.div
                0x00001076       0x28 e:/mi/microchipstudio/7.0/toolchain/avr8/avr8-gnu-toolchain/bin/../lib/gcc/avr/5.4.0/avr51\libgcc.a(_divmodsi4.o)
                0x00001076                __divmodsi4
 .text.libgcc.div
                0x0000109e       0x10 e:/mi/microchipstudio/7.0/toolchain/avr8/avr8-gnu-toolchain/bin/../lib/gcc/avr/5.4.0/avr51\libgcc.a(_negsi2.o)
                0x0000109e                __negsi2
 .text.libgcc.div
                0x000010ae       0x44 e:/mi/microchipstudio/7.0/toolchain/avr8/avr8-gnu-toolchain/bin/../lib/gcc/avr/5.4.0/avr51\libgcc.a(_udivmodsi4.o)
                0x000010ae                __udivmodsi4
                0x000010f2                . = ALIGN (0x2)
 *(.fini9)
 .fini9         0x000010f2        0x0 e:/mi/microchipstudio/7.0/toolchain/avr8/avr8-gnu-toolchain/bin/../lib/gcc/avr/5.4.0/avr51\libgcc.a(_exit.o)
                0x000010f2                _exit
                0x000010f2                exit
 *(.fini9)
 *(.fini8)
 *(.fini8)
 *(.fini7)
 *(.fini7)
 *(.fini6)
 *(.fini6)
 *(.fini5)
 *(.fini5)
 *(.fini4)
 *(.fini4)
 *(.fini3)
 *(.fini3)
 *(.fini2)
 *(.fini2)
 *(.fini1)
 *(.fini1)
 *(.fini0)
 .fini0         0x000010f2        0x4 e:/mi/microchipstudio/7.0/toolchain/avr8/avr8-gnu-toolchain/bin/../lib/gcc/avr/5.4.0/avr51\libgcc.a(_exit.o)
 *(.fini0)
                0x000010f6                _etext = .

.data           0x00800100       0x12 load address 0x000010f6
                0x00800100                PROVIDE (__data_start, .)
 *(.data)
 .data          0x00800100        0x4 e:/mi/microchipstudio/7.0/toolchain/avr8/avr8-gnu-toolchain/bin/../lib/gcc/avr/5.4.0/../../../../avr/lib/avr51\libc.a(rand.o)
 *(.data*)
 .data.testingText
                0x00800104        0x2 src/init.o
                0x00800104                testingText
 *(.gnu.linkonce.d*)
 *(.rodata)
 *(.rodata*)
 .rodata.str1.1
                0x00800106        0xb src/init.o
 *(.gnu.linkonce.r*)
                0x00800112                . = ALIGN (0x2)
 *fill*         0x00800111        0x1 
                0x00800112                _edata = .
                0x00800112                PROVIDE (__data_end, .)

.bss            0x00800112      0x5c6
                0x00800112                PROVIDE (__bss_start, .)
 *(.bss)
 *(.bss*)
 .bss.counterLineTable.2364
                0x00800112        0x1 class/ticker.o
 .bss.sendByte.2363
                0x00800113        0x1 class/ticker.o
 .bss.counterBit.2360
                0x00800114        0x4 class/ticker.o
 .bss.counterLed.2362
                0x00800118        0x4 class/ticker.o
 .bss.counterColor.2361
                0x0080011c        0x4 class/ticker.o
 *(COMMON)
 COMMON         0x00800120      0x5b4 class/ticker.o
                0x00800120                ticker
 COMMON         0x008006d4        0x4 e:/mi/microchipstudio/7.0/toolchain/avr8/avr8-gnu-toolchain/bin/../lib/gcc/avr/5.4.0/../../../../avr/lib/avr51\libc.a(system_time.o)
                0x008006d4                __system_time
                0x008006d8                PROVIDE (__bss_end, .)
                0x000010f6                __data_load_start = LOADADDR (.data)
                0x00001108                __data_load_end = (__data_load_start + SIZEOF (.data))

.noinit         0x008006d8        0x0
                [!provide]                PROVIDE (__noinit_start, .)
 *(.noinit*)
                [!provide]                PROVIDE (__noinit_end, .)
                0x008006d8                _end = .
                [!provide]                PROVIDE (__heap_start, .)

.eeprom         0x00810000        0x0
 *(.eeprom*)
                0x00810000                __eeprom_end = .

.fuse
 *(.fuse)
 *(.lfuse)
 *(.hfuse)
 *(.efuse)

.lock
 *(.lock*)

.signature
 *(.signature*)

.user_signatures
 *(.user_signatures*)

.stab
 *(.stab)

.stabstr
 *(.stabstr)

.stab.excl
 *(.stab.excl)

.stab.exclstr
 *(.stab.exclstr)

.stab.index
 *(.stab.index)

.stab.indexstr
 *(.stab.indexstr)

.comment        0x00000000       0x30
 *(.comment)
 .comment       0x00000000       0x30 class/ticker.o
                                 0x31 (size before relaxing)
 .comment       0x00000030       0x31 main.o
 .comment       0x00000030       0x31 SPI/mtr_SPI.o
 .comment       0x00000030       0x31 src/init.o
 .comment       0x00000030       0x31 e:/mi/microchipstudio/7.0/toolchain/avr8/avr8-gnu-toolchain/bin/../lib/gcc/avr/5.4.0/../../../../avr/lib/avr51\libc.a(rand.o)
 .comment       0x00000030       0x31 e:/mi/microchipstudio/7.0/toolchain/avr8/avr8-gnu-toolchain/bin/../lib/gcc/avr/5.4.0/../../../../avr/lib/avr51\libc.a(time.o)
 .comment       0x00000030       0x31 e:/mi/microchipstudio/7.0/toolchain/avr8/avr8-gnu-toolchain/bin/../lib/gcc/avr/5.4.0/../../../../avr/lib/avr51\libc.a(system_time.o)

.note.gnu.avr.deviceinfo
                0x00000000       0x40
 .note.gnu.avr.deviceinfo
                0x00000000       0x40 E:/mi/MicrochipStudio/7.0/Packs/atmel/ATmega_DFP/1.6.364/gcc/dev/atmega128a/avr51/crtatmega128a.o

.note.gnu.build-id
 *(.note.gnu.build-id)

.debug
 *(.debug)

.line
 *(.line)

.debug_srcinfo
 *(.debug_srcinfo)

.debug_sfnames
 *(.debug_sfnames)

.debug_aranges  0x00000000       0xd0
 *(.debug_aranges)
 .debug_aranges
                0x00000000       0x60 class/ticker.o
 .debug_aranges
                0x00000060       0x20 main.o
 .debug_aranges
                0x00000080       0x30 SPI/mtr_SPI.o
 .debug_aranges
                0x000000b0       0x20 src/init.o

.debug_pubnames
 *(.debug_pubnames)

.debug_info     0x00000000     0x14d9
 *(.debug_info .gnu.linkonce.wi.*)
 .debug_info    0x00000000      0x780 E:/mi/MicrochipStudio/7.0/Packs/atmel/ATmega_DFP/1.6.364/gcc/dev/atmega128a/avr51/crtatmega128a.o
 .debug_info    0x00000780      0x7b4 class/ticker.o
 .debug_info    0x00000f34      0x297 main.o
 .debug_info    0x000011cb      0x1f5 SPI/mtr_SPI.o
 .debug_info    0x000013c0      0x119 src/init.o

.debug_abbrev   0x00000000      0xbfc
 *(.debug_abbrev)
 .debug_abbrev  0x00000000      0x718 E:/mi/MicrochipStudio/7.0/Packs/atmel/ATmega_DFP/1.6.364/gcc/dev/atmega128a/avr51/crtatmega128a.o
 .debug_abbrev  0x00000718      0x1fd class/ticker.o
 .debug_abbrev  0x00000915      0x17c main.o
 .debug_abbrev  0x00000a91       0xcd SPI/mtr_SPI.o
 .debug_abbrev  0x00000b5e       0x9e src/init.o

.debug_line     0x00000000     0x130f
 *(.debug_line .debug_line.* .debug_line_end)
 .debug_line    0x00000000      0x16a E:/mi/MicrochipStudio/7.0/Packs/atmel/ATmega_DFP/1.6.364/gcc/dev/atmega128a/avr51/crtatmega128a.o
 .debug_line    0x0000016a      0x78f class/ticker.o
 .debug_line    0x000008f9      0x33f main.o
 .debug_line    0x00000c38      0x40f SPI/mtr_SPI.o
 .debug_line    0x00001047      0x2c8 src/init.o

.debug_frame    0x00000000      0x2d8
 *(.debug_frame)
 .debug_frame   0x00000000      0x244 class/ticker.o
 .debug_frame   0x00000244       0x24 main.o
 .debug_frame   0x00000268       0x4c SPI/mtr_SPI.o
 .debug_frame   0x000002b4       0x24 src/init.o

.debug_str      0x00000000     0xa7b3
 *(.debug_str)
 .debug_str     0x00000000      0x27d E:/mi/MicrochipStudio/7.0/Packs/atmel/ATmega_DFP/1.6.364/gcc/dev/atmega128a/avr51/crtatmega128a.o
 .debug_str     0x0000027d     0xa032 class/ticker.o
                               0xa13d (size before relaxing)
 .debug_str     0x0000a2af      0x41f main.o
                               0x777f (size before relaxing)
 .debug_str     0x0000a6ce       0xcb SPI/mtr_SPI.o
                               0x77a8 (size before relaxing)
 .debug_str     0x0000a799       0x1a src/init.o
                               0x72e9 (size before relaxing)

.debug_loc      0x00000000      0xef4
 *(.debug_loc)
 .debug_loc     0x00000000      0xbce class/ticker.o
 .debug_loc     0x00000bce       0x46 main.o
 .debug_loc     0x00000c14      0x2e0 SPI/mtr_SPI.o

.debug_macinfo
 *(.debug_macinfo)

.debug_weaknames
 *(.debug_weaknames)

.debug_funcnames
 *(.debug_funcnames)

.debug_typenames
 *(.debug_typenames)

.debug_varnames
 *(.debug_varnames)

.debug_pubtypes
 *(.debug_pubtypes)

.debug_ranges   0x00000000       0xc0
 *(.debug_ranges)
 .debug_ranges  0x00000000       0x80 class/ticker.o
 .debug_ranges  0x00000080       0x10 main.o
 .debug_ranges  0x00000090       0x20 SPI/mtr_SPI.o
 .debug_ranges  0x000000b0       0x10 src/init.o

.debug_macro    0x00000000     0x34da
 *(.debug_macro)
 .debug_macro   0x00000000      0x123 class/ticker.o
 .debug_macro   0x00000123      0xa66 class/ticker.o
 .debug_macro   0x00000b89       0x1c class/ticker.o
 .debug_macro   0x00000ba5      0x10e class/ticker.o
 .debug_macro   0x00000cb3       0x66 class/ticker.o
 .debug_macro   0x00000d19       0x16 class/ticker.o
 .debug_macro   0x00000d2f       0x20 class/ticker.o
 .debug_macro   0x00000d4f       0x10 class/ticker.o
 .debug_macro   0x00000d5f      0x1c9 class/ticker.o
 .debug_macro   0x00000f28      0x2fc class/ticker.o
 .debug_macro   0x00001224       0x9e class/ticker.o
 .debug_macro   0x000012c2     0x138f class/ticker.o
 .debug_macro   0x00002651      0x204 class/ticker.o
 .debug_macro   0x00002855       0xcb class/ticker.o
 .debug_macro   0x00002920       0x34 class/ticker.o
 .debug_macro   0x00002954       0x18 class/ticker.o
 .debug_macro   0x0000296c       0x6c class/ticker.o
 .debug_macro   0x000029d8       0x69 class/ticker.o
 .debug_macro   0x00002a41       0x22 class/ticker.o
 .debug_macro   0x00002a63       0x16 class/ticker.o
 .debug_macro   0x00002a79       0xb8 class/ticker.o
 .debug_macro   0x00002b31       0x10 class/ticker.o
 .debug_macro   0x00002b41       0x12 class/ticker.o
 .debug_macro   0x00002b53      0x175 class/ticker.o
 .debug_macro   0x00002cc8       0x12 class/ticker.o
 .debug_macro   0x00002cda       0x34 class/ticker.o
 .debug_macro   0x00002d0e      0x11f main.o
 .debug_macro   0x00002e2d      0x302 main.o
 .debug_macro   0x0000312f       0x63 main.o
 .debug_macro   0x00003192       0x10 main.o
 .debug_macro   0x000031a2      0x160 main.o
 .debug_macro   0x00003302       0xdb SPI/mtr_SPI.o
 .debug_macro   0x000033dd       0xfd src/init.o
OUTPUT(ticker_x8_C.elf elf32-avr)
LOAD linker stubs
